Archive member included to satisfy reference by file (symbol)

c:/st/stm32cubeide_1.6.0/stm32cubeide/plugins/com.st.stm32cube.ide.mcu.externaltools.gnu-tools-for-stm32.9-2020-q2-update.win32_1.5.0.202011040924/tools/bin/../lib/gcc/arm-none-eabi/9.3.1/../../../../arm-none-eabi/lib/thumb/v7e-m+fp/hard\libc_nano.a(lib_a-errno.o)
                              Core/Src/syscalls.o (__errno)
c:/st/stm32cubeide_1.6.0/stm32cubeide/plugins/com.st.stm32cube.ide.mcu.externaltools.gnu-tools-for-stm32.9-2020-q2-update.win32_1.5.0.202011040924/tools/bin/../lib/gcc/arm-none-eabi/9.3.1/../../../../arm-none-eabi/lib/thumb/v7e-m+fp/hard\libc_nano.a(lib_a-exit.o)
                              c:/st/stm32cubeide_1.6.0/stm32cubeide/plugins/com.st.stm32cube.ide.mcu.externaltools.gnu-tools-for-stm32.9-2020-q2-update.win32_1.5.0.202011040924/tools/bin/../lib/gcc/arm-none-eabi/9.3.1/../../../../arm-none-eabi/lib/thumb/v7e-m+fp/hard/crt0.o (exit)
c:/st/stm32cubeide_1.6.0/stm32cubeide/plugins/com.st.stm32cube.ide.mcu.externaltools.gnu-tools-for-stm32.9-2020-q2-update.win32_1.5.0.202011040924/tools/bin/../lib/gcc/arm-none-eabi/9.3.1/../../../../arm-none-eabi/lib/thumb/v7e-m+fp/hard\libc_nano.a(lib_a-impure.o)
                              c:/st/stm32cubeide_1.6.0/stm32cubeide/plugins/com.st.stm32cube.ide.mcu.externaltools.gnu-tools-for-stm32.9-2020-q2-update.win32_1.5.0.202011040924/tools/bin/../lib/gcc/arm-none-eabi/9.3.1/../../../../arm-none-eabi/lib/thumb/v7e-m+fp/hard\libc_nano.a(lib_a-exit.o) (_global_impure_ptr)
c:/st/stm32cubeide_1.6.0/stm32cubeide/plugins/com.st.stm32cube.ide.mcu.externaltools.gnu-tools-for-stm32.9-2020-q2-update.win32_1.5.0.202011040924/tools/bin/../lib/gcc/arm-none-eabi/9.3.1/../../../../arm-none-eabi/lib/thumb/v7e-m+fp/hard\libc_nano.a(lib_a-init.o)
                              c:/st/stm32cubeide_1.6.0/stm32cubeide/plugins/com.st.stm32cube.ide.mcu.externaltools.gnu-tools-for-stm32.9-2020-q2-update.win32_1.5.0.202011040924/tools/bin/../lib/gcc/arm-none-eabi/9.3.1/../../../../arm-none-eabi/lib/thumb/v7e-m+fp/hard/crt0.o (__libc_init_array)
c:/st/stm32cubeide_1.6.0/stm32cubeide/plugins/com.st.stm32cube.ide.mcu.externaltools.gnu-tools-for-stm32.9-2020-q2-update.win32_1.5.0.202011040924/tools/bin/../lib/gcc/arm-none-eabi/9.3.1/../../../../arm-none-eabi/lib/thumb/v7e-m+fp/hard\libc_nano.a(lib_a-memset.o)
                              c:/st/stm32cubeide_1.6.0/stm32cubeide/plugins/com.st.stm32cube.ide.mcu.externaltools.gnu-tools-for-stm32.9-2020-q2-update.win32_1.5.0.202011040924/tools/bin/../lib/gcc/arm-none-eabi/9.3.1/../../../../arm-none-eabi/lib/thumb/v7e-m+fp/hard/crt0.o (memset)

Allocating common symbols
Common symbol       size              file

uwTick              0x4               Drivers/STM32H7xx_HAL_Driver/stm32h7xx_hal.o
pFlash              0x1c              Drivers/STM32H7xx_HAL_Driver/stm32h7xx_hal_flash.o

Discarded input sections

 .text          0x0000000000000000        0x0 c:/st/stm32cubeide_1.6.0/stm32cubeide/plugins/com.st.stm32cube.ide.mcu.externaltools.gnu-tools-for-stm32.9-2020-q2-update.win32_1.5.0.202011040924/tools/bin/../lib/gcc/arm-none-eabi/9.3.1/thumb/v7e-m+fp/hard/crti.o
 .data          0x0000000000000000        0x0 c:/st/stm32cubeide_1.6.0/stm32cubeide/plugins/com.st.stm32cube.ide.mcu.externaltools.gnu-tools-for-stm32.9-2020-q2-update.win32_1.5.0.202011040924/tools/bin/../lib/gcc/arm-none-eabi/9.3.1/thumb/v7e-m+fp/hard/crti.o
 .bss           0x0000000000000000        0x0 c:/st/stm32cubeide_1.6.0/stm32cubeide/plugins/com.st.stm32cube.ide.mcu.externaltools.gnu-tools-for-stm32.9-2020-q2-update.win32_1.5.0.202011040924/tools/bin/../lib/gcc/arm-none-eabi/9.3.1/thumb/v7e-m+fp/hard/crti.o
 .data          0x0000000000000000        0x4 c:/st/stm32cubeide_1.6.0/stm32cubeide/plugins/com.st.stm32cube.ide.mcu.externaltools.gnu-tools-for-stm32.9-2020-q2-update.win32_1.5.0.202011040924/tools/bin/../lib/gcc/arm-none-eabi/9.3.1/thumb/v7e-m+fp/hard/crtbegin.o
 .text          0x0000000000000000       0x7c c:/st/stm32cubeide_1.6.0/stm32cubeide/plugins/com.st.stm32cube.ide.mcu.externaltools.gnu-tools-for-stm32.9-2020-q2-update.win32_1.5.0.202011040924/tools/bin/../lib/gcc/arm-none-eabi/9.3.1/../../../../arm-none-eabi/lib/thumb/v7e-m+fp/hard/crt0.o
 .data          0x0000000000000000        0x0 c:/st/stm32cubeide_1.6.0/stm32cubeide/plugins/com.st.stm32cube.ide.mcu.externaltools.gnu-tools-for-stm32.9-2020-q2-update.win32_1.5.0.202011040924/tools/bin/../lib/gcc/arm-none-eabi/9.3.1/../../../../arm-none-eabi/lib/thumb/v7e-m+fp/hard/crt0.o
 .bss           0x0000000000000000        0x0 c:/st/stm32cubeide_1.6.0/stm32cubeide/plugins/com.st.stm32cube.ide.mcu.externaltools.gnu-tools-for-stm32.9-2020-q2-update.win32_1.5.0.202011040924/tools/bin/../lib/gcc/arm-none-eabi/9.3.1/../../../../arm-none-eabi/lib/thumb/v7e-m+fp/hard/crt0.o
[...]
Memory Configuration

Name             Origin             Length             Attributes
FLASH            0x0000000008100000 0x0000000000100000 xr
RAM              0x0000000010000000 0x0000000000048000 xrw
*default*        0x0000000000000000 0xffffffffffffffff

Linker script and memory map

LOAD c:/st/stm32cubeide_1.6.0/stm32cubeide/plugins/com.st.stm32cube.ide.mcu.externaltools.gnu-tools-for-stm32.9-2020-q2-update.win32_1.5.0.202011040924/tools/bin/../lib/gcc/arm-none-eabi/9.3.1/thumb/v7e-m+fp/hard/crti.o
LOAD c:/st/stm32cubeide_1.6.0/stm32cubeide/plugins/com.st.stm32cube.ide.mcu.externaltools.gnu-tools-for-stm32.9-2020-q2-update.win32_1.5.0.202011040924/tools/bin/../lib/gcc/arm-none-eabi/9.3.1/thumb/v7e-m+fp/hard/crtbegin.o
LOAD c:/st/stm32cubeide_1.6.0/stm32cubeide/plugins/com.st.stm32cube.ide.mcu.externaltools.gnu-tools-for-stm32.9-2020-q2-update.win32_1.5.0.202011040924/tools/bin/../lib/gcc/arm-none-eabi/9.3.1/../../../../arm-none-eabi/lib/thumb/v7e-m+fp/hard/crt0.o
LOAD Common/Src/system_stm32h7xx_dualcore_boot_cm4_cm7.o
LOAD Core/Src/main.o
LOAD Core/Src/stm32h7xx_hal_msp.o
LOAD Core/Src/stm32h7xx_it.o
LOAD Core/Src/syscalls.o
LOAD Core/Src/sysmem.o
LOAD Core/Startup/startup_stm32h747xihx.o
LOAD Drivers/STM32H7xx_HAL_Driver/stm32h7xx_hal.o
LOAD Drivers/STM32H7xx_HAL_Driver/stm32h7xx_hal_cortex.o
LOAD Drivers/STM32H7xx_HAL_Driver/stm32h7xx_hal_dma.o
LOAD Drivers/STM32H7xx_HAL_Driver/stm32h7xx_hal_dma_ex.o
LOAD Drivers/STM32H7xx_HAL_Driver/stm32h7xx_hal_exti.o
LOAD Drivers/STM32H7xx_HAL_Driver/stm32h7xx_hal_flash.o
LOAD Drivers/STM32H7xx_HAL_Driver/stm32h7xx_hal_flash_ex.o
LOAD Drivers/STM32H7xx_HAL_Driver/stm32h7xx_hal_gpio.o
LOAD Drivers/STM32H7xx_HAL_Driver/stm32h7xx_hal_hsem.o
LOAD Drivers/STM32H7xx_HAL_Driver/stm32h7xx_hal_i2c.o
LOAD Drivers/STM32H7xx_HAL_Driver/stm32h7xx_hal_i2c_ex.o
LOAD Drivers/STM32H7xx_HAL_Driver/stm32h7xx_hal_mdma.o
LOAD Drivers/STM32H7xx_HAL_Driver/stm32h7xx_hal_pwr.o
LOAD Drivers/STM32H7xx_HAL_Driver/stm32h7xx_hal_pwr_ex.o
LOAD Drivers/STM32H7xx_HAL_Driver/stm32h7xx_hal_rcc.o
LOAD Drivers/STM32H7xx_HAL_Driver/stm32h7xx_hal_rcc_ex.o
LOAD Drivers/STM32H7xx_HAL_Driver/stm32h7xx_hal_tim.o
LOAD Drivers/STM32H7xx_HAL_Driver/stm32h7xx_hal_tim_ex.o
START GROUP
LOAD c:/st/stm32cubeide_1.6.0/stm32cubeide/plugins/com.st.stm32cube.ide.mcu.externaltools.gnu-tools-for-stm32.9-2020-q2-update.win32_1.5.0.202011040924/tools/bin/../lib/gcc/arm-none-eabi/9.3.1/../../../../arm-none-eabi/lib/thumb/v7e-m+fp/hard\libc_nano.a
LOAD c:/st/stm32cubeide_1.6.0/stm32cubeide/plugins/com.st.stm32cube.ide.mcu.externaltools.gnu-tools-for-stm32.9-2020-q2-update.win32_1.5.0.202011040924/tools/bin/../lib/gcc/arm-none-eabi/9.3.1/../../../../arm-none-eabi/lib/thumb/v7e-m+fp/hard\libm.a
END GROUP
START GROUP
LOAD c:/st/stm32cubeide_1.6.0/stm32cubeide/plugins/com.st.stm32cube.ide.mcu.externaltools.gnu-tools-for-stm32.9-2020-q2-update.win32_1.5.0.202011040924/tools/bin/../lib/gcc/arm-none-eabi/9.3.1/thumb/v7e-m+fp/hard\libgcc.a
LOAD c:/st/stm32cubeide_1.6.0/stm32cubeide/plugins/com.st.stm32cube.ide.mcu.externaltools.gnu-tools-for-stm32.9-2020-q2-update.win32_1.5.0.202011040924/tools/bin/../lib/gcc/arm-none-eabi/9.3.1/../../../../arm-none-eabi/lib/thumb/v7e-m+fp/hard\libc_nano.a
END GROUP
START GROUP
LOAD c:/st/stm32cubeide_1.6.0/stm32cubeide/plugins/com.st.stm32cube.ide.mcu.externaltools.gnu-tools-for-stm32.9-2020-q2-update.win32_1.5.0.202011040924/tools/bin/../lib/gcc/arm-none-eabi/9.3.1/thumb/v7e-m+fp/hard\libgcc.a
LOAD c:/st/stm32cubeide_1.6.0/stm32cubeide/plugins/com.st.stm32cube.ide.mcu.externaltools.gnu-tools-for-stm32.9-2020-q2-update.win32_1.5.0.202011040924/tools/bin/../lib/gcc/arm-none-eabi/9.3.1/../../../../arm-none-eabi/lib/thumb/v7e-m+fp/hard\libc_nano.a
LOAD c:/st/stm32cubeide_1.6.0/stm32cubeide/plugins/com.st.stm32cube.ide.mcu.externaltools.gnu-tools-for-stm32.9-2020-q2-update.win32_1.5.0.202011040924/tools/bin/../lib/gcc/arm-none-eabi/9.3.1/../../../../arm-none-eabi/lib/thumb/v7e-m+fp/hard\libnosys.a
END GROUP
START GROUP
LOAD c:/st/stm32cubeide_1.6.0/stm32cubeide/plugins/com.st.stm32cube.ide.mcu.externaltools.gnu-tools-for-stm32.9-2020-q2-update.win32_1.5.0.202011040924/tools/bin/../lib/gcc/arm-none-eabi/9.3.1/thumb/v7e-m+fp/hard\libgcc.a
LOAD c:/st/stm32cubeide_1.6.0/stm32cubeide/plugins/com.st.stm32cube.ide.mcu.externaltools.gnu-tools-for-stm32.9-2020-q2-update.win32_1.5.0.202011040924/tools/bin/../lib/gcc/arm-none-eabi/9.3.1/../../../../arm-none-eabi/lib/thumb/v7e-m+fp/hard\libc_nano.a
LOAD c:/st/stm32cubeide_1.6.0/stm32cubeide/plugins/com.st.stm32cube.ide.mcu.externaltools.gnu-tools-for-stm32.9-2020-q2-update.win32_1.5.0.202011040924/tools/bin/../lib/gcc/arm-none-eabi/9.3.1/../../../../arm-none-eabi/lib/thumb/v7e-m+fp/hard\libnosys.a
END GROUP
LOAD c:/st/stm32cubeide_1.6.0/stm32cubeide/plugins/com.st.stm32cube.ide.mcu.externaltools.gnu-tools-for-stm32.9-2020-q2-update.win32_1.5.0.202011040924/tools/bin/../lib/gcc/arm-none-eabi/9.3.1/thumb/v7e-m+fp/hard/crtend.o
LOAD c:/st/stm32cubeide_1.6.0/stm32cubeide/plugins/com.st.stm32cube.ide.mcu.externaltools.gnu-tools-for-stm32.9-2020-q2-update.win32_1.5.0.202011040924/tools/bin/../lib/gcc/arm-none-eabi/9.3.1/thumb/v7e-m+fp/hard/crtn.o
                0x0000000010048000                _estack = 0x10048000
                0x0000000000000200                _Min_Heap_Size = 0x200
                0x0000000000000400                _Min_Stack_Size = 0x400

.isr_vector     0x0000000008100000      0x298
                0x0000000008100000                . = ALIGN (0x4)
 *(.isr_vector)
 .isr_vector    0x0000000008100000      0x298 Core/Startup/startup_stm32h747xihx.o
                0x0000000008100000                g_pfnVectors
                0x0000000008100298                . = ALIGN (0x4)

.text           0x0000000008100298      0xde4
                0x0000000008100298                . = ALIGN (0x4)
 *(.text)
 .text          0x0000000008100298       0x40 c:/st/stm32cubeide_1.6.0/stm32cubeide/plugins/com.st.stm32cube.ide.mcu.externaltools.gnu-tools-for-stm32.9-2020-q2-update.win32_1.5.0.202011040924/tools/bin/../lib/gcc/arm-none-eabi/9.3.1/thumb/v7e-m+fp/hard/crtbegin.o
 *(.text*)
 .text.SystemInit
                0x00000000081002d8       0x38 Common/Src/system_stm32h7xx_dualcore_boot_cm4_cm7.o
                0x00000000081002d8                SystemInit
 .text.main     0x0000000008100310       0x94 Core/Src/main.o
                0x0000000008100310                main
 .text.MX_DMA_Init
                0x00000000081003a4       0x34 Core/Src/main.o
 .text.MX_GPIO_Init
                0x00000000081003d8       0x6c Core/Src/main.o
 .text.HAL_MspInit
                0x0000000008100444       0x34 Core/Src/stm32h7xx_hal_msp.o
                0x0000000008100444                HAL_MspInit
 .text.NMI_Handler
                0x0000000008100478        0x6 Core/Src/stm32h7xx_it.o
                0x0000000008100478                NMI_Handler
 .text.HardFault_Handler
                0x000000000810047e        0x6 Core/Src/stm32h7xx_it.o
                0x000000000810047e                HardFault_Handler
 .text.MemManage_Handler
                0x0000000008100484        0x6 Core/Src/stm32h7xx_it.o
                0x0000000008100484                MemManage_Handler
 .text.BusFault_Handler
                0x000000000810048a        0x6 Core/Src/stm32h7xx_it.o
                0x000000000810048a                BusFault_Handler
 .text.UsageFault_Handler
                0x0000000008100490        0x6 Core/Src/stm32h7xx_it.o
                0x0000000008100490                UsageFault_Handler
 .text.SVC_Handler
                0x0000000008100496        0xe Core/Src/stm32h7xx_it.o
                0x0000000008100496                SVC_Handler
 .text.DebugMon_Handler
                0x00000000081004a4        0xe Core/Src/stm32h7xx_it.o
                0x00000000081004a4                DebugMon_Handler
 .text.PendSV_Handler
                0x00000000081004b2        0xe Core/Src/stm32h7xx_it.o
                0x00000000081004b2                PendSV_Handler
 .text.SysTick_Handler
                0x00000000081004c0        0xc Core/Src/stm32h7xx_it.o
                0x00000000081004c0                SysTick_Handler
 .text.Reset_Handler
                0x00000000081004cc       0x50 Core/Startup/startup_stm32h747xihx.o
                0x00000000081004cc                Reset_Handler
 .text.Default_Handler
                0x000000000810051c        0x2 Core/Startup/startup_stm32h747xihx.o
                0x000000000810051c                RTC_Alarm_IRQHandler
                0x000000000810051c                EXTI2_IRQHandler
                0x000000000810051c                TIM8_CC_IRQHandler
                0x000000000810051c                HRTIM1_Master_IRQHandler
                0x000000000810051c                UART8_IRQHandler
                0x000000000810051c                SPI4_IRQHandler
                0x000000000810051c                TIM1_CC_IRQHandler
                0x000000000810051c                BDMA_Channel6_IRQHandler
                0x000000000810051c                DMA2_Stream5_IRQHandler
                0x000000000810051c                HRTIM1_FLT_IRQHandler
                0x000000000810051c                JPEG_IRQHandler
                0x000000000810051c                DMA1_Stream5_IRQHandler
                0x000000000810051c                BDMA_Channel1_IRQHandler
                0x000000000810051c                HRTIM1_TIMD_IRQHandler
                0x000000000810051c                TAMP_STAMP_IRQHandler
                0x000000000810051c                EXTI3_IRQHandler
                0x000000000810051c                LPTIM4_IRQHandler
                0x000000000810051c                TIM8_TRG_COM_TIM14_IRQHandler
                0x000000000810051c                LPTIM2_IRQHandler
                0x000000000810051c                DFSDM1_FLT1_IRQHandler
                0x000000000810051c                DMAMUX2_OVR_IRQHandler
                0x000000000810051c                TIM8_UP_TIM13_IRQHandler
                0x000000000810051c                I2C3_ER_IRQHandler
                0x000000000810051c                DFSDM1_FLT2_IRQHandler
                0x000000000810051c                MDMA_IRQHandler
                0x000000000810051c                LPTIM3_IRQHandler
                0x000000000810051c                HSEM1_IRQHandler
                0x000000000810051c                EXTI0_IRQHandler
                0x000000000810051c                I2C2_EV_IRQHandler
                0x000000000810051c                DMA1_Stream2_IRQHandler
                0x000000000810051c                FPU_IRQHandler
                0x000000000810051c                OTG_HS_WKUP_IRQHandler
                0x000000000810051c                FDCAN1_IT1_IRQHandler
                0x000000000810051c                LTDC_ER_IRQHandler
                0x000000000810051c                DMA2_Stream2_IRQHandler
                0x000000000810051c                HRTIM1_TIME_IRQHandler
                0x000000000810051c                SPI1_IRQHandler
                0x000000000810051c                TIM6_DAC_IRQHandler
                0x000000000810051c                DCMI_IRQHandler
                0x000000000810051c                HRTIM1_TIMC_IRQHandler
                0x000000000810051c                DMA2_Stream3_IRQHandler
                0x000000000810051c                SAI2_IRQHandler
                0x000000000810051c                DFSDM1_FLT3_IRQHandler
                0x000000000810051c                USART6_IRQHandler
                0x000000000810051c                TIM17_IRQHandler
                0x000000000810051c                USART3_IRQHandler
                0x000000000810051c                BDMA_Channel7_IRQHandler
                0x000000000810051c                LPTIM5_IRQHandler
                0x000000000810051c                UART5_IRQHandler
                0x000000000810051c                ADC3_IRQHandler
                0x000000000810051c                DMA2_Stream0_IRQHandler
                0x000000000810051c                TIM4_IRQHandler
                0x000000000810051c                BDMA_Channel2_IRQHandler
                0x000000000810051c                QUADSPI_IRQHandler
                0x000000000810051c                I2C1_EV_IRQHandler
                0x000000000810051c                DMA1_Stream6_IRQHandler
                0x000000000810051c                DMAMUX1_OVR_IRQHandler
                0x000000000810051c                DMA1_Stream1_IRQHandler
                0x000000000810051c                TIM16_IRQHandler
                0x000000000810051c                UART4_IRQHandler
                0x000000000810051c                BDMA_Channel5_IRQHandler
                0x000000000810051c                TIM3_IRQHandler
                0x000000000810051c                RCC_IRQHandler
                0x000000000810051c                TIM8_BRK_TIM12_IRQHandler
                0x000000000810051c                TIM1_TRG_COM_IRQHandler
                0x000000000810051c                Default_Handler
                0x000000000810051c                ECC_IRQHandler
                0x000000000810051c                CEC_IRQHandler
                0x000000000810051c                EXTI15_10_IRQHandler
                0x000000000810051c                BDMA_Channel0_IRQHandler
                0x000000000810051c                ADC_IRQHandler
                0x000000000810051c                DMA1_Stream7_IRQHandler
                0x000000000810051c                HRTIM1_TIMA_IRQHandler
                0x000000000810051c                SPI5_IRQHandler
                0x000000000810051c                TIM7_IRQHandler
                0x000000000810051c                SDMMC1_IRQHandler
                0x000000000810051c                TIM5_IRQHandler
                0x000000000810051c                DMA2_Stream7_IRQHandler
                0x000000000810051c                TIM15_IRQHandler
                0x000000000810051c                PVD_AVD_IRQHandler
                0x000000000810051c                I2C3_EV_IRQHandler
                0x000000000810051c                EXTI9_5_IRQHandler
                0x000000000810051c                RTC_WKUP_IRQHandler
                0x000000000810051c                LTDC_IRQHandler
                0x000000000810051c                SAI3_IRQHandler
                0x000000000810051c                ETH_WKUP_IRQHandler
                0x000000000810051c                SPDIF_RX_IRQHandler
                0x000000000810051c                SPI2_IRQHandler
                0x000000000810051c                OTG_HS_EP1_IN_IRQHandler
                0x000000000810051c                DMA1_Stream0_IRQHandler
                0x000000000810051c                CRS_IRQHandler
                0x000000000810051c                CM7_SEV_IRQHandler
                0x000000000810051c                EXTI4_IRQHandler
                0x000000000810051c                RNG_IRQHandler
                0x000000000810051c                CM4_SEV_IRQHandler
                0x000000000810051c                HRTIM1_TIMB_IRQHandler
                0x000000000810051c                FDCAN2_IT1_IRQHandler
                0x000000000810051c                DSI_IRQHandler
                0x000000000810051c                ETH_IRQHandler
                0x000000000810051c                TIM1_UP_IRQHandler
                0x000000000810051c                WWDG_RST_IRQHandler
                0x000000000810051c                BDMA_Channel4_IRQHandler
                0x000000000810051c                OTG_HS_EP1_OUT_IRQHandler
                0x000000000810051c                WWDG_IRQHandler
                0x000000000810051c                SPI6_IRQHandler
                0x000000000810051c                MDIOS_IRQHandler
                0x000000000810051c                I2C4_EV_IRQHandler
                0x000000000810051c                FDCAN2_IT0_IRQHandler
                0x000000000810051c                LPUART1_IRQHandler
                0x000000000810051c                FDCAN1_IT0_IRQHandler
                0x000000000810051c                TIM2_IRQHandler
                0x000000000810051c                OTG_FS_WKUP_IRQHandler
                0x000000000810051c                OTG_HS_IRQHandler
                0x000000000810051c                HSEM2_IRQHandler
                0x000000000810051c                DMA2D_IRQHandler
                0x000000000810051c                TIM1_BRK_IRQHandler
                0x000000000810051c                EXTI1_IRQHandler
                0x000000000810051c                SDMMC2_IRQHandler
                0x000000000810051c                OTG_FS_EP1_OUT_IRQHandler
                0x000000000810051c                BDMA_Channel3_IRQHandler
                0x000000000810051c                HOLD_CORE_IRQHandler
                0x000000000810051c                UART7_IRQHandler
                0x000000000810051c                MDIOS_WKUP_IRQHandler
                0x000000000810051c                USART2_IRQHandler
                0x000000000810051c                DFSDM1_FLT0_IRQHandler
                0x000000000810051c                SAI4_IRQHandler
                0x000000000810051c                I2C2_ER_IRQHandler
                0x000000000810051c                DMA2_Stream1_IRQHandler
                0x000000000810051c                FLASH_IRQHandler
                0x000000000810051c                DMA2_Stream4_IRQHandler
                0x000000000810051c                USART1_IRQHandler
                0x000000000810051c                OTG_FS_IRQHandler
                0x000000000810051c                SPI3_IRQHandler
                0x000000000810051c                WAKEUP_PIN_IRQHandler
                0x000000000810051c                DMA1_Stream4_IRQHandler
                0x000000000810051c                OTG_FS_EP1_IN_IRQHandler
                0x000000000810051c                I2C1_ER_IRQHandler
                0x000000000810051c                FMC_IRQHandler
                0x000000000810051c                FDCAN_CAL_IRQHandler
                0x000000000810051c                SWPMI1_IRQHandler
                0x000000000810051c                COMP1_IRQHandler
                0x000000000810051c                LPTIM1_IRQHandler
                0x000000000810051c                I2C4_ER_IRQHandler
                0x000000000810051c                DMA2_Stream6_IRQHandler
                0x000000000810051c                SAI1_IRQHandler
                0x000000000810051c                DMA1_Stream3_IRQHandler
 *fill*         0x000000000810051e        0x2 
 .text.HAL_Init
                0x0000000008100520       0xbc Drivers/STM32H7xx_HAL_Driver/stm32h7xx_hal.o
                0x0000000008100520                HAL_Init
 .text.HAL_InitTick
                0x00000000081005dc       0x6c Drivers/STM32H7xx_HAL_Driver/stm32h7xx_hal.o
                0x00000000081005dc                HAL_InitTick
 .text.HAL_IncTick
                0x0000000008100648       0x28 Drivers/STM32H7xx_HAL_Driver/stm32h7xx_hal.o
                0x0000000008100648                HAL_IncTick
 .text.__NVIC_SetPriorityGrouping
                0x0000000008100670       0x48 Drivers/STM32H7xx_HAL_Driver/stm32h7xx_hal_cortex.o
 .text.__NVIC_GetPriorityGrouping
                0x00000000081006b8       0x1c Drivers/STM32H7xx_HAL_Driver/stm32h7xx_hal_cortex.o
 .text.__NVIC_SetPriority
                0x00000000081006d4       0x54 Drivers/STM32H7xx_HAL_Driver/stm32h7xx_hal_cortex.o
 .text.NVIC_EncodePriority
                0x0000000008100728       0x66 Drivers/STM32H7xx_HAL_Driver/stm32h7xx_hal_cortex.o
 *fill*         0x000000000810078e        0x2 
 .text.SysTick_Config
                0x0000000008100790       0x44 Drivers/STM32H7xx_HAL_Driver/stm32h7xx_hal_cortex.o
 .text.HAL_NVIC_SetPriorityGrouping
                0x00000000081007d4       0x16 Drivers/STM32H7xx_HAL_Driver/stm32h7xx_hal_cortex.o
                0x00000000081007d4                HAL_NVIC_SetPriorityGrouping
 .text.HAL_NVIC_SetPriority
                0x00000000081007ea       0x34 Drivers/STM32H7xx_HAL_Driver/stm32h7xx_hal_cortex.o
                0x00000000081007ea                HAL_NVIC_SetPriority
 .text.HAL_SYSTICK_Config
                0x000000000810081e       0x18 Drivers/STM32H7xx_HAL_Driver/stm32h7xx_hal_cortex.o
                0x000000000810081e                HAL_SYSTICK_Config
 *fill*         0x0000000008100836        0x2 
 .text.HAL_GetCurrentCPUID
                0x0000000008100838       0x28 Drivers/STM32H7xx_HAL_Driver/stm32h7xx_hal_cortex.o
                0x0000000008100838                HAL_GetCurrentCPUID
 .text.HAL_GPIO_Init
                0x0000000008100860      0x360 Drivers/STM32H7xx_HAL_Driver/stm32h7xx_hal_gpio.o
                0x0000000008100860                HAL_GPIO_Init
 .text.HAL_GPIO_WritePin
                0x0000000008100bc0       0x32 Drivers/STM32H7xx_HAL_Driver/stm32h7xx_hal_gpio.o
                0x0000000008100bc0                HAL_GPIO_WritePin
 *fill*         0x0000000008100bf2        0x2 
 .text.HAL_HSEM_ActivateNotification
                0x0000000008100bf4       0x24 Drivers/STM32H7xx_HAL_Driver/stm32h7xx_hal_hsem.o
                0x0000000008100bf4                HAL_HSEM_ActivateNotification
 .text.HAL_PWREx_EnterSTOPMode
                0x0000000008100c18       0xf4 Drivers/STM32H7xx_HAL_Driver/stm32h7xx_hal_pwr_ex.o
                0x0000000008100c18                HAL_PWREx_EnterSTOPMode
 .text.HAL_PWREx_ClearPendingEvent
                0x0000000008100d0c       0x1a Drivers/STM32H7xx_HAL_Driver/stm32h7xx_hal_pwr_ex.o
                0x0000000008100d0c                HAL_PWREx_ClearPendingEvent
 *fill*         0x0000000008100d26        0x2 
 .text.HAL_RCC_GetSysClockFreq
                0x0000000008100d28      0x2f4 Drivers/STM32H7xx_HAL_Driver/stm32h7xx_hal_rcc.o
                0x0000000008100d28                HAL_RCC_GetSysClockFreq
 .text.__libc_init_array
                0x000000000810101c       0x48 c:/st/stm32cubeide_1.6.0/stm32cubeide/plugins/com.st.stm32cube.ide.mcu.externaltools.gnu-tools-for-stm32.9-2020-q2-update.win32_1.5.0.202011040924/tools/bin/../lib/gcc/arm-none-eabi/9.3.1/../../../../arm-none-eabi/lib/thumb/v7e-m+fp/hard\libc_nano.a(lib_a-init.o)
                0x000000000810101c                __libc_init_array
 *(.glue_7)
 .glue_7        0x0000000008101064        0x0 linker stubs
 *(.glue_7t)
 .glue_7t       0x0000000008101064        0x0 linker stubs
 *(.eh_frame)
 .eh_frame      0x0000000008101064        0x0 c:/st/stm32cubeide_1.6.0/stm32cubeide/plugins/com.st.stm32cube.ide.mcu.externaltools.gnu-tools-for-stm32.9-2020-q2-update.win32_1.5.0.202011040924/tools/bin/../lib/gcc/arm-none-eabi/9.3.1/thumb/v7e-m+fp/hard/crtbegin.o
 *(.init)
 .init          0x0000000008101064        0x4 c:/st/stm32cubeide_1.6.0/stm32cubeide/plugins/com.st.stm32cube.ide.mcu.externaltools.gnu-tools-for-stm32.9-2020-q2-update.win32_1.5.0.202011040924/tools/bin/../lib/gcc/arm-none-eabi/9.3.1/thumb/v7e-m+fp/hard/crti.o
                0x0000000008101064                _init
 .init          0x0000000008101068        0x8 c:/st/stm32cubeide_1.6.0/stm32cubeide/plugins/com.st.stm32cube.ide.mcu.externaltools.gnu-tools-for-stm32.9-2020-q2-update.win32_1.5.0.202011040924/tools/bin/../lib/gcc/arm-none-eabi/9.3.1/thumb/v7e-m+fp/hard/crtn.o
 *(.fini)
 .fini          0x0000000008101070        0x4 c:/st/stm32cubeide_1.6.0/stm32cubeide/plugins/com.st.stm32cube.ide.mcu.externaltools.gnu-tools-for-stm32.9-2020-q2-update.win32_1.5.0.202011040924/tools/bin/../lib/gcc/arm-none-eabi/9.3.1/thumb/v7e-m+fp/hard/crti.o
                0x0000000008101070                _fini
 .fini          0x0000000008101074        0x8 c:/st/stm32cubeide_1.6.0/stm32cubeide/plugins/com.st.stm32cube.ide.mcu.externaltools.gnu-tools-for-stm32.9-2020-q2-update.win32_1.5.0.202011040924/tools/bin/../lib/gcc/arm-none-eabi/9.3.1/thumb/v7e-m+fp/hard/crtn.o
                0x000000000810107c                . = ALIGN (0x4)
                0x000000000810107c                _etext = .

.vfp11_veneer   0x000000000810107c        0x0
 .vfp11_veneer  0x000000000810107c        0x0 linker stubs

.v4_bx          0x000000000810107c        0x0
 .v4_bx         0x000000000810107c        0x0 linker stubs

.iplt           0x000000000810107c        0x0
 .iplt          0x000000000810107c        0x0 c:/st/stm32cubeide_1.6.0/stm32cubeide/plugins/com.st.stm32cube.ide.mcu.externaltools.gnu-tools-for-stm32.9-2020-q2-update.win32_1.5.0.202011040924/tools/bin/../lib/gcc/arm-none-eabi/9.3.1/thumb/v7e-m+fp/hard/crtbegin.o

.rodata         0x000000000810107c       0x10
                0x000000000810107c                . = ALIGN (0x4)
 *(.rodata)
 *(.rodata*)
 .rodata.D1CorePrescTable
                0x000000000810107c       0x10 Common/Src/system_stm32h7xx_dualcore_boot_cm4_cm7.o
                0x000000000810107c                D1CorePrescTable
                0x000000000810108c                . = ALIGN (0x4)

.rel.dyn        0x000000000810108c        0x0
 .rel.iplt      0x000000000810108c        0x0 c:/st/stm32cubeide_1.6.0/stm32cubeide/plugins/com.st.stm32cube.ide.mcu.externaltools.gnu-tools-for-stm32.9-2020-q2-update.win32_1.5.0.202011040924/tools/bin/../lib/gcc/arm-none-eabi/9.3.1/thumb/v7e-m+fp/hard/crtbegin.o

.ARM.extab
 *(.ARM.extab* .gnu.linkonce.armextab.*)

.ARM            0x000000000810108c        0x0
                0x000000000810108c                __exidx_start = .
 *(.ARM.exidx*)
                0x000000000810108c                __exidx_end = .

.preinit_array  0x000000000810108c        0x0
                0x000000000810108c                PROVIDE (__preinit_array_start = .)
 *(.preinit_array*)
                0x000000000810108c                PROVIDE (__preinit_array_end = .)

.init_array     0x000000000810108c        0x4
                0x000000000810108c                PROVIDE (__init_array_start = .)
 *(SORT_BY_NAME(.init_array.*))
 *(.init_array*)
 .init_array    0x000000000810108c        0x4 c:/st/stm32cubeide_1.6.0/stm32cubeide/plugins/com.st.stm32cube.ide.mcu.externaltools.gnu-tools-for-stm32.9-2020-q2-update.win32_1.5.0.202011040924/tools/bin/../lib/gcc/arm-none-eabi/9.3.1/thumb/v7e-m+fp/hard/crtbegin.o
                0x0000000008101090                PROVIDE (__init_array_end = .)

.fini_array     0x0000000008101090        0x4
                [!provide]                        PROVIDE (__fini_array_start = .)
 *(SORT_BY_NAME(.fini_array.*))
 *(.fini_array*)
 .fini_array    0x0000000008101090        0x4 c:/st/stm32cubeide_1.6.0/stm32cubeide/plugins/com.st.stm32cube.ide.mcu.externaltools.gnu-tools-for-stm32.9-2020-q2-update.win32_1.5.0.202011040924/tools/bin/../lib/gcc/arm-none-eabi/9.3.1/thumb/v7e-m+fp/hard/crtbegin.o
                [!provide]                        PROVIDE (__fini_array_end = .)
                0x0000000008101094                _sidata = LOADADDR (.data)

.data           0x0000000010000000       0x10 load address 0x0000000008101094
                0x0000000010000000                . = ALIGN (0x4)
                0x0000000010000000                _sdata = .
 *(.data)
 *(.data*)
 .data.SystemCoreClock
                0x0000000010000000        0x4 Common/Src/system_stm32h7xx_dualcore_boot_cm4_cm7.o
                0x0000000010000000                SystemCoreClock
 .data.SystemD2Clock
                0x0000000010000004        0x4 Common/Src/system_stm32h7xx_dualcore_boot_cm4_cm7.o
                0x0000000010000004                SystemD2Clock
 .data.uwTickPrio
                0x0000000010000008        0x4 Drivers/STM32H7xx_HAL_Driver/stm32h7xx_hal.o
                0x0000000010000008                uwTickPrio
 .data.uwTickFreq
                0x000000001000000c        0x1 Drivers/STM32H7xx_HAL_Driver/stm32h7xx_hal.o
                0x000000001000000c                uwTickFreq
 *(.RamFunc)
 *(.RamFunc*)
                0x0000000010000010                . = ALIGN (0x4)
 *fill*         0x000000001000000d        0x3 
                0x0000000010000010                _edata = .

.igot.plt       0x0000000010000010        0x0 load address 0x00000000081010a4
 .igot.plt      0x0000000010000010        0x0 c:/st/stm32cubeide_1.6.0/stm32cubeide/plugins/com.st.stm32cube.ide.mcu.externaltools.gnu-tools-for-stm32.9-2020-q2-update.win32_1.5.0.202011040924/tools/bin/../lib/gcc/arm-none-eabi/9.3.1/thumb/v7e-m+fp/hard/crtbegin.o
                0x0000000010000010                . = ALIGN (0x4)

.bss            0x0000000010000010       0x20 load address 0x00000000081010a4
                0x0000000010000010                _sbss = .
                0x0000000010000010                __bss_start__ = _sbss
 *(.bss)
 .bss           0x0000000010000010       0x1c c:/st/stm32cubeide_1.6.0/stm32cubeide/plugins/com.st.stm32cube.ide.mcu.externaltools.gnu-tools-for-stm32.9-2020-q2-update.win32_1.5.0.202011040924/tools/bin/../lib/gcc/arm-none-eabi/9.3.1/thumb/v7e-m+fp/hard/crtbegin.o
 *(.bss*)
 *(COMMON)
 COMMON         0x000000001000002c        0x4 Drivers/STM32H7xx_HAL_Driver/stm32h7xx_hal.o
                0x000000001000002c                uwTick
                0x0000000010000030                . = ALIGN (0x4)
                0x0000000010000030                _ebss = .
                0x0000000010000030                __bss_end__ = _ebss

._user_heap_stack
                0x0000000010000030      0x600 load address 0x00000000081010a4
                0x0000000010000030                . = ALIGN (0x8)
                [!provide]                        PROVIDE (end = .)
                0x0000000010000030                PROVIDE (_end = .)
                0x0000000010000230                . = (. + _Min_Heap_Size)
 *fill*         0x0000000010000030      0x200 
                0x0000000010000630                . = (. + _Min_Stack_Size)
 *fill*         0x0000000010000230      0x400 
                0x0000000010000630                . = ALIGN (0x8)

/DISCARD/
 libc.a(*)
 libm.a(*)
 libgcc.a(*)

.ARM.attributes
                0x0000000000000000       0x30
 *(.ARM.attributes)
 .ARM.attributes
                0x0000000000000000       0x1e c:/st/stm32cubeide_1.6.0/stm32cubeide/plugins/com.st.stm32cube.ide.mcu.externaltools.gnu-tools-for-stm32.9-2020-q2-update.win32_1.5.0.202011040924/tools/bin/../lib/gcc/arm-none-eabi/9.3.1/thumb/v7e-m+fp/hard/crti.o
 .ARM.attributes
                0x000000000000001e       0x34 c:/st/stm32cubeide_1.6.0/stm32cubeide/plugins/com.st.stm32cube.ide.mcu.externaltools.gnu-tools-for-stm32.9-2020-q2-update.win32_1.5.0.202011040924/tools/bin/../lib/gcc/arm-none-eabi/9.3.1/thumb/v7e-m+fp/hard/crtbegin.o
 .ARM.attributes
                0x0000000000000052       0x34 Common/Src/system_stm32h7xx_dualcore_boot_cm4_cm7.o
 .ARM.attributes
                0x0000000000000086       0x34 Core/Src/main.o
 .ARM.attributes
                0x00000000000000ba       0x34 Core/Src/stm32h7xx_hal_msp.o
 .ARM.attributes
                0x00000000000000ee       0x34 Core/Src/stm32h7xx_it.o
 .ARM.attributes
                0x0000000000000122       0x21 Core/Startup/startup_stm32h747xihx.o
 .ARM.attributes
                0x0000000000000143       0x34 Drivers/STM32H7xx_HAL_Driver/stm32h7xx_hal.o
 .ARM.attributes
                0x0000000000000177       0x34 Drivers/STM32H7xx_HAL_Driver/stm32h7xx_hal_cortex.o
 .ARM.attributes
                0x00000000000001ab       0x34 Drivers/STM32H7xx_HAL_Driver/stm32h7xx_hal_gpio.o
 .ARM.attributes
                0x00000000000001df       0x34 Drivers/STM32H7xx_HAL_Driver/stm32h7xx_hal_hsem.o
 .ARM.attributes
                0x0000000000000213       0x34 Drivers/STM32H7xx_HAL_Driver/stm32h7xx_hal_pwr_ex.o
 .ARM.attributes
                0x0000000000000247       0x34 Drivers/STM32H7xx_HAL_Driver/stm32h7xx_hal_rcc.o
 .ARM.attributes
                0x000000000000027b       0x34 c:/st/stm32cubeide_1.6.0/stm32cubeide/plugins/com.st.stm32cube.ide.mcu.externaltools.gnu-tools-for-stm32.9-2020-q2-update.win32_1.5.0.202011040924/tools/bin/../lib/gcc/arm-none-eabi/9.3.1/../../../../arm-none-eabi/lib/thumb/v7e-m+fp/hard\libc_nano.a(lib_a-init.o)
 .ARM.attributes
                0x00000000000002af       0x1e c:/st/stm32cubeide_1.6.0/stm32cubeide/plugins/com.st.stm32cube.ide.mcu.externaltools.gnu-tools-for-stm32.9-2020-q2-update.win32_1.5.0.202011040924/tools/bin/../lib/gcc/arm-none-eabi/9.3.1/thumb/v7e-m+fp/hard/crtn.o
OUTPUT(ADC_CM4.elf elf32-littlearm)
LOAD linker stubs
LOAD c:/st/stm32cubeide_1.6.0/stm32cubeide/plugins/com.st.stm32cube.ide.mcu.externaltools.gnu-tools-for-stm32.9-2020-q2-update.win32_1.5.0.202011040924/tools/bin/../lib/gcc/arm-none-eabi/9.3.1/../../../../arm-none-eabi/lib/thumb/v7e-m+fp/hard\libc.a
LOAD c:/st/stm32cubeide_1.6.0/stm32cubeide/plugins/com.st.stm32cube.ide.mcu.externaltools.gnu-tools-for-stm32.9-2020-q2-update.win32_1.5.0.202011040924/tools/bin/../lib/gcc/arm-none-eabi/9.3.1/../../../../arm-none-eabi/lib/thumb/v7e-m+fp/hard\libm.a
LOAD c:/st/stm32cubeide_1.6.0/stm32cubeide/plugins/com.st.stm32cube.ide.mcu.externaltools.gnu-tools-for-stm32.9-2020-q2-update.win32_1.5.0.202011040924/tools/bin/../lib/gcc/arm-none-eabi/9.3.1/thumb/v7e-m+fp/hard\libgcc.a

.debug_info     0x0000000000000000     0xd834
 .debug_info    0x0000000000000000     0x11ba Common/Src/system_stm32h7xx_dualcore_boot_cm4_cm7.o
 .debug_info    0x00000000000011ba     0x13ce Core/Src/main.o
 .debug_info    0x0000000000002588      0xf3b Core/Src/stm32h7xx_hal_msp.o
 .debug_info    0x00000000000034c3      0xbe2 Core/Src/stm32h7xx_it.o
 .debug_info    0x00000000000040a5       0x22 Core/Startup/startup_stm32h747xihx.o
 .debug_info    0x00000000000040c7     0x21f2 Drivers/STM32H7xx_HAL_Driver/stm32h7xx_hal.o
 .debug_info    0x00000000000062b9     0x1a19 Drivers/STM32H7xx_HAL_Driver/stm32h7xx_hal_cortex.o
 .debug_info    0x0000000000007cd2     0x1877 Drivers/STM32H7xx_HAL_Driver/stm32h7xx_hal_gpio.o
 .debug_info    0x0000000000009549      0xe94 Drivers/STM32H7xx_HAL_Driver/stm32h7xx_hal_hsem.o
 .debug_info    0x000000000000a3dd     0x1b2f Drivers/STM32H7xx_HAL_Driver/stm32h7xx_hal_pwr_ex.o
 .debug_info    0x000000000000bf0c     0x1928 Drivers/STM32H7xx_HAL_Driver/stm32h7xx_hal_rcc.o

.debug_abbrev   0x0000000000000000     0x1c86
 .debug_abbrev  0x0000000000000000      0x251 Common/Src/system_stm32h7xx_dualcore_boot_cm4_cm7.o
 .debug_abbrev  0x0000000000000251      0x2a5 Core/Src/main.o
 .debug_abbrev  0x00000000000004f6      0x20f Core/Src/stm32h7xx_hal_msp.o
 .debug_abbrev  0x0000000000000705      0x1ef Core/Src/stm32h7xx_it.o
 .debug_abbrev  0x00000000000008f4       0x12 Core/Startup/startup_stm32h747xihx.o
 .debug_abbrev  0x0000000000000906      0x324 Drivers/STM32H7xx_HAL_Driver/stm32h7xx_hal.o
 .debug_abbrev  0x0000000000000c2a      0x409 Drivers/STM32H7xx_HAL_Driver/stm32h7xx_hal_cortex.o
 .debug_abbrev  0x0000000000001033      0x2cb Drivers/STM32H7xx_HAL_Driver/stm32h7xx_hal_gpio.o
 .debug_abbrev  0x00000000000012fe      0x2e9 Drivers/STM32H7xx_HAL_Driver/stm32h7xx_hal_hsem.o
 .debug_abbrev  0x00000000000015e7      0x37d Drivers/STM32H7xx_HAL_Driver/stm32h7xx_hal_pwr_ex.o
 .debug_abbrev  0x0000000000001964      0x322 Drivers/STM32H7xx_HAL_Driver/stm32h7xx_hal_rcc.o

.debug_aranges  0x0000000000000000      0x6e8
 .debug_aranges
                0x0000000000000000       0x28 Common/Src/system_stm32h7xx_dualcore_boot_cm4_cm7.o
 .debug_aranges
                0x0000000000000028       0x38 Core/Src/main.o
 .debug_aranges
                0x0000000000000060       0x20 Core/Src/stm32h7xx_hal_msp.o
 .debug_aranges
                0x0000000000000080       0x60 Core/Src/stm32h7xx_it.o
 .debug_aranges
                0x00000000000000e0       0x28 Core/Startup/startup_stm32h747xihx.o
 .debug_aranges
                0x0000000000000108      0x200 Drivers/STM32H7xx_HAL_Driver/stm32h7xx_hal.o
 .debug_aranges
                0x0000000000000308      0x120 Drivers/STM32H7xx_HAL_Driver/stm32h7xx_hal_cortex.o
 .debug_aranges
                0x0000000000000428       0x58 Drivers/STM32H7xx_HAL_Driver/stm32h7xx_hal_gpio.o
 .debug_aranges
                0x0000000000000480       0x70 Drivers/STM32H7xx_HAL_Driver/stm32h7xx_hal_hsem.o
 .debug_aranges
                0x00000000000004f0      0x170 Drivers/STM32H7xx_HAL_Driver/stm32h7xx_hal_pwr_ex.o
 .debug_aranges
                0x0000000000000660       0x88 Drivers/STM32H7xx_HAL_Driver/stm32h7xx_hal_rcc.o

.debug_ranges   0x0000000000000000      0x640
 .debug_ranges  0x0000000000000000       0x18 Common/Src/system_stm32h7xx_dualcore_boot_cm4_cm7.o
 .debug_ranges  0x0000000000000018       0x28 Core/Src/main.o
 .debug_ranges  0x0000000000000040       0x10 Core/Src/stm32h7xx_hal_msp.o
 .debug_ranges  0x0000000000000050       0x50 Core/Src/stm32h7xx_it.o
 .debug_ranges  0x00000000000000a0       0x20 Core/Startup/startup_stm32h747xihx.o
 .debug_ranges  0x00000000000000c0      0x1f0 Drivers/STM32H7xx_HAL_Driver/stm32h7xx_hal.o
 .debug_ranges  0x00000000000002b0      0x110 Drivers/STM32H7xx_HAL_Driver/stm32h7xx_hal_cortex.o
 .debug_ranges  0x00000000000003c0       0x48 Drivers/STM32H7xx_HAL_Driver/stm32h7xx_hal_gpio.o
 .debug_ranges  0x0000000000000408       0x60 Drivers/STM32H7xx_HAL_Driver/stm32h7xx_hal_hsem.o
 .debug_ranges  0x0000000000000468      0x160 Drivers/STM32H7xx_HAL_Driver/stm32h7xx_hal_pwr_ex.o
 .debug_ranges  0x00000000000005c8       0x78 Drivers/STM32H7xx_HAL_Driver/stm32h7xx_hal_rcc.o

.debug_macro    0x0000000000000000    0x3c678
 .debug_macro   0x0000000000000000      0x288 Common/Src/system_stm32h7xx_dualcore_boot_cm4_cm7.o
 .debug_macro   0x0000000000000288      0xaae Common/Src/system_stm32h7xx_dualcore_boot_cm4_cm7.o
 .debug_macro   0x0000000000000d36       0x2e Common/Src/system_stm32h7xx_dualcore_boot_cm4_cm7.o
 .debug_macro   0x0000000000000d64       0x3b Common/Src/system_stm32h7xx_dualcore_boot_cm4_cm7.o
 .debug_macro   0x0000000000000d9f       0x22 Common/Src/system_stm32h7xx_dualcore_boot_cm4_cm7.o
 .debug_macro   0x0000000000000dc1       0x8e Common/Src/system_stm32h7xx_dualcore_boot_cm4_cm7.o
 .debug_macro   0x0000000000000e4f       0x51 Common/Src/system_stm32h7xx_dualcore_boot_cm4_cm7.o
 .debug_macro   0x0000000000000ea0      0x103 Common/Src/system_stm32h7xx_dualcore_boot_cm4_cm7.o
 .debug_macro   0x0000000000000fa3       0x6a Common/Src/system_stm32h7xx_dualcore_boot_cm4_cm7.o
 .debug_macro   0x000000000000100d      0x1df Common/Src/system_stm32h7xx_dualcore_boot_cm4_cm7.o
 .debug_macro   0x00000000000011ec       0x1c Common/Src/system_stm32h7xx_dualcore_boot_cm4_cm7.o
 .debug_macro   0x0000000000001208       0x22 Common/Src/system_stm32h7xx_dualcore_boot_cm4_cm7.o
 .debug_macro   0x000000000000122a      0x101 Common/Src/system_stm32h7xx_dualcore_boot_cm4_cm7.o
 .debug_macro   0x000000000000132b     0x1011 Common/Src/system_stm32h7xx_dualcore_boot_cm4_cm7.o
 .debug_macro   0x000000000000233c      0x11f Common/Src/system_stm32h7xx_dualcore_boot_cm4_cm7.o
 .debug_macro   0x000000000000245b    0x2c269 Common/Src/system_stm32h7xx_dualcore_boot_cm4_cm7.o
 .debug_macro   0x000000000002e6c4       0x43 Common/Src/system_stm32h7xx_dualcore_boot_cm4_cm7.o
 .debug_macro   0x000000000002e707      0x22c Common/Src/system_stm32h7xx_dualcore_boot_cm4_cm7.o
 .debug_macro   0x000000000002e933     0x3cd3 Common/Src/system_stm32h7xx_dualcore_boot_cm4_cm7.o
 .debug_macro   0x0000000000032606      0x174 Common/Src/system_stm32h7xx_dualcore_boot_cm4_cm7.o
 .debug_macro   0x000000000003277a       0x52 Common/Src/system_stm32h7xx_dualcore_boot_cm4_cm7.o
 .debug_macro   0x00000000000327cc       0x18 Common/Src/system_stm32h7xx_dualcore_boot_cm4_cm7.o
 .debug_macro   0x00000000000327e4       0x3c Common/Src/system_stm32h7xx_dualcore_boot_cm4_cm7.o
 .debug_macro   0x0000000000032820       0x34 Common/Src/system_stm32h7xx_dualcore_boot_cm4_cm7.o
 .debug_macro   0x0000000000032854       0x16 Common/Src/system_stm32h7xx_dualcore_boot_cm4_cm7.o
 .debug_macro   0x000000000003286a       0x43 Common/Src/system_stm32h7xx_dualcore_boot_cm4_cm7.o
 .debug_macro   0x00000000000328ad       0x34 Common/Src/system_stm32h7xx_dualcore_boot_cm4_cm7.o
 .debug_macro   0x00000000000328e1       0x10 Common/Src/system_stm32h7xx_dualcore_boot_cm4_cm7.o
 .debug_macro   0x00000000000328f1       0x58 Common/Src/system_stm32h7xx_dualcore_boot_cm4_cm7.o
 .debug_macro   0x0000000000032949       0x71 Common/Src/system_stm32h7xx_dualcore_boot_cm4_cm7.o
 .debug_macro   0x00000000000329ba       0x1c Common/Src/system_stm32h7xx_dualcore_boot_cm4_cm7.o
 .debug_macro   0x00000000000329d6      0x12a Common/Src/system_stm32h7xx_dualcore_boot_cm4_cm7.o
 .debug_macro   0x0000000000032b00      0x333 Common/Src/system_stm32h7xx_dualcore_boot_cm4_cm7.o
 .debug_macro   0x0000000000032e33      0x1a9 Common/Src/system_stm32h7xx_dualcore_boot_cm4_cm7.o
 .debug_macro   0x0000000000032fdc       0x5d Common/Src/system_stm32h7xx_dualcore_boot_cm4_cm7.o
 .debug_macro   0x0000000000033039     0x3ae3 Common/Src/system_stm32h7xx_dualcore_boot_cm4_cm7.o
 .debug_macro   0x0000000000036b1c     0x106b Common/Src/system_stm32h7xx_dualcore_boot_cm4_cm7.o
 .debug_macro   0x0000000000037b87      0x14d Common/Src/system_stm32h7xx_dualcore_boot_cm4_cm7.o
 .debug_macro   0x0000000000037cd4      0x133 Common/Src/system_stm32h7xx_dualcore_boot_cm4_cm7.o
 .debug_macro   0x0000000000037e07      0x3c5 Common/Src/system_stm32h7xx_dualcore_boot_cm4_cm7.o
 .debug_macro   0x00000000000381cc       0x27 Common/Src/system_stm32h7xx_dualcore_boot_cm4_cm7.o
 .debug_macro   0x00000000000381f3      0x72d Common/Src/system_stm32h7xx_dualcore_boot_cm4_cm7.o
 .debug_macro   0x0000000000038920      0x229 Common/Src/system_stm32h7xx_dualcore_boot_cm4_cm7.o
 .debug_macro   0x0000000000038b49       0x66 Common/Src/system_stm32h7xx_dualcore_boot_cm4_cm7.o
 .debug_macro   0x0000000000038baf      0x3c9 Common/Src/system_stm32h7xx_dualcore_boot_cm4_cm7.o
 .debug_macro   0x0000000000038f78      0x408 Common/Src/system_stm32h7xx_dualcore_boot_cm4_cm7.o
 .debug_macro   0x0000000000039380      0x244 Common/Src/system_stm32h7xx_dualcore_boot_cm4_cm7.o
 .debug_macro   0x00000000000395c4      0x3cb Common/Src/system_stm32h7xx_dualcore_boot_cm4_cm7.o
 .debug_macro   0x000000000003998f      0x4a2 Common/Src/system_stm32h7xx_dualcore_boot_cm4_cm7.o
 .debug_macro   0x0000000000039e31       0x51 Common/Src/system_stm32h7xx_dualcore_boot_cm4_cm7.o
 .debug_macro   0x0000000000039e82       0x4a Common/Src/system_stm32h7xx_dualcore_boot_cm4_cm7.o
 .debug_macro   0x0000000000039ecc      0x22c Common/Src/system_stm32h7xx_dualcore_boot_cm4_cm7.o
 .debug_macro   0x000000000003a0f8       0x67 Common/Src/system_stm32h7xx_dualcore_boot_cm4_cm7.o
 .debug_macro   0x000000000003a15f       0xa5 Common/Src/system_stm32h7xx_dualcore_boot_cm4_cm7.o
 .debug_macro   0x000000000003a204      0x219 Common/Src/system_stm32h7xx_dualcore_boot_cm4_cm7.o
 .debug_macro   0x000000000003a41d      0x2eb Common/Src/system_stm32h7xx_dualcore_boot_cm4_cm7.o
 .debug_macro   0x000000000003a708       0x35 Common/Src/system_stm32h7xx_dualcore_boot_cm4_cm7.o
 .debug_macro   0x000000000003a73d      0x798 Common/Src/system_stm32h7xx_dualcore_boot_cm4_cm7.o
 .debug_macro   0x000000000003aed5      0x292 Core/Src/main.o
 .debug_macro   0x000000000003b167      0x28c Core/Src/stm32h7xx_hal_msp.o
 .debug_macro   0x000000000003b3f3      0x296 Core/Src/stm32h7xx_it.o
 .debug_macro   0x000000000003b689      0x2ac Drivers/STM32H7xx_HAL_Driver/stm32h7xx_hal.o
 .debug_macro   0x000000000003b935      0x282 Drivers/STM32H7xx_HAL_Driver/stm32h7xx_hal_cortex.o
 .debug_macro   0x000000000003bbb7      0x2cc Drivers/STM32H7xx_HAL_Driver/stm32h7xx_hal_gpio.o
 .debug_macro   0x000000000003be83      0x294 Drivers/STM32H7xx_HAL_Driver/stm32h7xx_hal_hsem.o
 .debug_macro   0x000000000003c117      0x2bb Drivers/STM32H7xx_HAL_Driver/stm32h7xx_hal_pwr_ex.o
 .debug_macro   0x000000000003c3d2      0x2a6 Drivers/STM32H7xx_HAL_Driver/stm32h7xx_hal_rcc.o

.debug_line     0x0000000000000000     0x79ea
 .debug_line    0x0000000000000000      0x982 Common/Src/system_stm32h7xx_dualcore_boot_cm4_cm7.o
 .debug_line    0x0000000000000982      0x877 Core/Src/main.o
 .debug_line    0x00000000000011f9      0x801 Core/Src/stm32h7xx_hal_msp.o
 .debug_line    0x00000000000019fa      0x8c4 Core/Src/stm32h7xx_it.o
 .debug_line    0x00000000000022be       0x88 Core/Startup/startup_stm32h747xihx.o
 .debug_line    0x0000000000002346      0xf3e Drivers/STM32H7xx_HAL_Driver/stm32h7xx_hal.o
 .debug_line    0x0000000000003284      0xdee Drivers/STM32H7xx_HAL_Driver/stm32h7xx_hal_cortex.o
 .debug_line    0x0000000000004072      0xca9 Drivers/STM32H7xx_HAL_Driver/stm32h7xx_hal_gpio.o
 .debug_line    0x0000000000004d1b      0x99e Drivers/STM32H7xx_HAL_Driver/stm32h7xx_hal_hsem.o
 .debug_line    0x00000000000056b9     0x1009 Drivers/STM32H7xx_HAL_Driver/stm32h7xx_hal_pwr_ex.o
 .debug_line    0x00000000000066c2     0x1328 Drivers/STM32H7xx_HAL_Driver/stm32h7xx_hal_rcc.o

.debug_str      0x0000000000000000   0x188d80
 .debug_str     0x0000000000000000   0x18649b Common/Src/system_stm32h7xx_dualcore_boot_cm4_cm7.o
                                     0x18699f (size before relaxing)
 .debug_str     0x000000000018649b      0x13a Core/Src/main.o
                                     0x186a03 (size before relaxing)
 .debug_str     0x00000000001865d5       0x2c Core/Src/stm32h7xx_hal_msp.o
                                     0x18688b (size before relaxing)
 .debug_str     0x0000000000186601       0xbd Core/Src/stm32h7xx_it.o
                                     0x1866f2 (size before relaxing)
 .debug_str     0x00000000001866be       0x36 Core/Startup/startup_stm32h747xihx.o
                                         0x70 (size before relaxing)
 .debug_str     0x00000000001866f4     0x1228 Drivers/STM32H7xx_HAL_Driver/stm32h7xx_hal.o
                                     0x187c0a (size before relaxing)
 .debug_str     0x000000000018791c      0x3e2 Drivers/STM32H7xx_HAL_Driver/stm32h7xx_hal_cortex.o
                                     0x18745d (size before relaxing)
 .debug_str     0x0000000000187cfe      0x261 Drivers/STM32H7xx_HAL_Driver/stm32h7xx_hal_gpio.o
                                     0x186ced (size before relaxing)
 .debug_str     0x0000000000187f5f      0x1ee Drivers/STM32H7xx_HAL_Driver/stm32h7xx_hal_hsem.o
                                     0x1868a3 (size before relaxing)
 .debug_str     0x000000000018814d      0x6e8 Drivers/STM32H7xx_HAL_Driver/stm32h7xx_hal_pwr_ex.o
                                     0x187028 (size before relaxing)
 .debug_str     0x0000000000188835      0x54b Drivers/STM32H7xx_HAL_Driver/stm32h7xx_hal_rcc.o
                                     0x186f19 (size before relaxing)

.comment        0x0000000000000000       0x53
 .comment       0x0000000000000000       0x53 Common/Src/system_stm32h7xx_dualcore_boot_cm4_cm7.o
                                         0x54 (size before relaxing)
 .comment       0x0000000000000053       0x54 Core/Src/main.o
 .comment       0x0000000000000053       0x54 Core/Src/stm32h7xx_hal_msp.o
 .comment       0x0000000000000053       0x54 Core/Src/stm32h7xx_it.o
 .comment       0x0000000000000053       0x54 Drivers/STM32H7xx_HAL_Driver/stm32h7xx_hal.o
 .comment       0x0000000000000053       0x54 Drivers/STM32H7xx_HAL_Driver/stm32h7xx_hal_cortex.o
 .comment       0x0000000000000053       0x54 Drivers/STM32H7xx_HAL_Driver/stm32h7xx_hal_gpio.o
 .comment       0x0000000000000053       0x54 Drivers/STM32H7xx_HAL_Driver/stm32h7xx_hal_hsem.o
 .comment       0x0000000000000053       0x54 Drivers/STM32H7xx_HAL_Driver/stm32h7xx_hal_pwr_ex.o
 .comment       0x0000000000000053       0x54 Drivers/STM32H7xx_HAL_Driver/stm32h7xx_hal_rcc.o

.debug_frame    0x0000000000000000     0x1a40
 .debug_frame   0x0000000000000000       0x58 Common/Src/system_stm32h7xx_dualcore_boot_cm4_cm7.o
 .debug_frame   0x0000000000000058       0x94 Core/Src/main.o
 .debug_frame   0x00000000000000ec       0x38 Core/Src/stm32h7xx_hal_msp.o
 .debug_frame   0x0000000000000124      0x104 Core/Src/stm32h7xx_it.o
 .debug_frame   0x0000000000000228      0x848 Drivers/STM32H7xx_HAL_Driver/stm32h7xx_hal.o
 .debug_frame   0x0000000000000a70      0x4b8 Drivers/STM32H7xx_HAL_Driver/stm32h7xx_hal_cortex.o
 .debug_frame   0x0000000000000f28      0x14c Drivers/STM32H7xx_HAL_Driver/stm32h7xx_hal_gpio.o
 .debug_frame   0x0000000000001074      0x1bc Drivers/STM32H7xx_HAL_Driver/stm32h7xx_hal_hsem.o
 .debug_frame   0x0000000000001230      0x5ec Drivers/STM32H7xx_HAL_Driver/stm32h7xx_hal_pwr_ex.o
 .debug_frame   0x000000000000181c      0x1f8 Drivers/STM32H7xx_HAL_Driver/stm32h7xx_hal_rcc.o
 .debug_frame   0x0000000000001a14       0x2c c:/st/stm32cubeide_1.6.0/stm32cubeide/plugins/com.st.stm32cube.ide.mcu.externaltools.gnu-tools-for-stm32.9-2020-q2-update.win32_1.5.0.202011040924/tools/bin/../lib/gcc/arm-none-eabi/9.3.1/../../../../arm-none-eabi/lib/thumb/v7e-m+fp/hard\libc_nano.a(lib_a-init.o)
